// Jest Snapshot v1, https://goo.gl/fbAQLP

exports[`Interaction should simulate onClick 1`] = `
<View
  pointerEvents="box-none"
  style={
    Object {
      "flex": 1,
    }
  }
>
  <View
    collapsable={true}
    pointerEvents="box-none"
    style={
      Object {
        "flex": 1,
      }
    }
  >
    <View
      style={
        Object {
          "flex": 1,
        }
      }
    >
      <View
        style={
          Array [
            Object {
              "alignItems": "flex-start",
              "backgroundColor": "#ffffff",
              "flexBasis": 0,
              "flexDirection": "column",
              "flexGrow": 1,
              "flexShrink": 1,
              "justifyContent": "center",
            },
          ]
        }
      >
        <ScrollView
          contentContainerStyle={
            Object {
              "alignItems": "center",
              "flex": 1,
              "justifyContent": "center",
              "paddingHorizontal": 36,
            }
          }
          data={Array []}
          disableVirtualization={false}
          horizontal={false}
          initialNumToRender={10}
          maxToRenderPerBatch={10}
          onEndReachedThreshold={0.1}
          refreshControl={
            <RefreshControl
              onRefresh={[Function]}
              refreshing={true}
            />
          }
          refreshing={true}
          removeClippedSubviews={false}
          scrollEventThrottle={30}
          stickyHeaderIndices={Array []}
          style={
            Object {
              "width": "100%",
            }
          }
          updateCellsBatchingPeriod={50}
          viewabilityConfigCallbackPairs={Array []}
          windowSize={21}
        >
          <View
            style={
              Array [
                Object {
                  "alignItems": "center",
                  "flexBasis": 0,
                  "flexDirection": "column",
                  "flexGrow": 1,
                  "flexShrink": 1,
                  "justifyContent": "center",
                },
              ]
            }
          >
            <Image
              source={
                Object {
                  "canInstrument": true,
                  "createTransformer": [Function],
                  "getCacheKey": [Function],
                  "process": [Function],
                }
              }
              style={
                Object {
                  "height": 140,
                  "width": 140,
                }
              }
            />
            <Text
              style={
                Object {
                  "color": "black",
                  "fontSize": 24,
                  "fontWeight": "bold",
                  "marginTop": 40,
                  "textAlign": "center",
                }
              }
            >
              There are no feeds
            </Text>
            <Text
              style={
                Object {
                  "color": "#808080",
                  "fontSize": 14,
                  "marginBottom": 40,
                  "marginTop": 5,
                  "textAlign": "center",
                }
              }
            >
              Become the first publisher of Hygiene activity!
            </Text>
          </View>
        </ScrollView>
      </View>
    </View>
  </View>
</View>
`;

exports[`Rendering renders without crashing 1`] = `
<View
  pointerEvents="box-none"
  style={
    Object {
      "flex": 1,
    }
  }
>
  <View
    collapsable={true}
    pointerEvents="box-none"
    style={
      Object {
        "flex": 1,
      }
    }
  >
    <View
      style={
        Object {
          "flex": 1,
        }
      }
    >
      <View
        style={
          Array [
            Object {
              "alignItems": "flex-start",
              "backgroundColor": "#ffffff",
              "flexBasis": 0,
              "flexDirection": "column",
              "flexGrow": 1,
              "flexShrink": 1,
              "justifyContent": "center",
            },
          ]
        }
      >
        <ScrollView
          contentContainerStyle={
            Object {
              "alignItems": "center",
              "flex": 1,
              "justifyContent": "center",
              "paddingHorizontal": 36,
            }
          }
          data={Array []}
          disableVirtualization={false}
          horizontal={false}
          initialNumToRender={10}
          maxToRenderPerBatch={10}
          onEndReachedThreshold={0.1}
          refreshControl={
            <RefreshControl
              onRefresh={[Function]}
              refreshing={true}
            />
          }
          refreshing={true}
          removeClippedSubviews={false}
          scrollEventThrottle={30}
          stickyHeaderIndices={Array []}
          style={
            Object {
              "width": "100%",
            }
          }
          updateCellsBatchingPeriod={50}
          viewabilityConfigCallbackPairs={Array []}
          windowSize={21}
        >
          <View
            style={
              Array [
                Object {
                  "alignItems": "center",
                  "flexBasis": 0,
                  "flexDirection": "column",
                  "flexGrow": 1,
                  "flexShrink": 1,
                  "justifyContent": "center",
                },
              ]
            }
          >
            <Image
              source={
                Object {
                  "canInstrument": true,
                  "createTransformer": [Function],
                  "getCacheKey": [Function],
                  "process": [Function],
                }
              }
              style={
                Object {
                  "height": 140,
                  "width": 140,
                }
              }
            />
            <Text
              style={
                Object {
                  "color": "black",
                  "fontSize": 24,
                  "fontWeight": "bold",
                  "marginTop": 40,
                  "textAlign": "center",
                }
              }
            >
              There are no feeds
            </Text>
            <Text
              style={
                Object {
                  "color": "#808080",
                  "fontSize": 14,
                  "marginBottom": 40,
                  "marginTop": 5,
                  "textAlign": "center",
                }
              }
            >
              Become the first publisher of Hygiene activity!
            </Text>
          </View>
        </ScrollView>
      </View>
    </View>
  </View>
</View>
`;
